// Jest Snapshot v1, https://goo.gl/fbAQLP

exports[`<Signin /> test should be mount snap 1`] = `
Object {
  "asFragment": [Function],
  "baseElement": <body>
    <div>
      <div
        class="MuiPaper-root MuiCard-root makeStyles-card-1 MuiPaper-elevation1 MuiPaper-rounded"
      >
        <div
          class="MuiCardContent-root"
        >
          <p
            class="MuiTypography-root makeStyles-titleText-3 MuiTypography-body1"
          >
            Sign In
          </p>
          <form
            class="makeStyles-form-2"
          >
            <div
              class="MuiFormControl-root MuiTextField-root MuiFormControl-marginNormal"
            >
              <label
                class="MuiFormLabel-root MuiInputLabel-root MuiInputLabel-formControl MuiInputLabel-animated"
                data-shrink="false"
                for="email"
                id="email-label"
              >
                Email
              </label>
              <div
                class="MuiInputBase-root MuiInput-root MuiInput-underline MuiInputBase-formControl MuiInput-formControl"
              >
                <input
                  aria-invalid="false"
                  class="MuiInputBase-input MuiInput-input"
                  id="email"
                  placeholder="Email"
                  type="email"
                  value=""
                />
              </div>
            </div>
            <div
              class="MuiFormControl-root MuiTextField-root MuiFormControl-marginNormal"
            >
              <label
                class="MuiFormLabel-root MuiInputLabel-root MuiInputLabel-formControl MuiInputLabel-animated"
                data-shrink="false"
                for="password"
                id="password-label"
              >
                Password
              </label>
              <div
                class="MuiInputBase-root MuiInput-root MuiInput-underline MuiInputBase-formControl MuiInput-formControl"
              >
                <input
                  aria-invalid="false"
                  class="MuiInputBase-input MuiInput-input"
                  id="password"
                  placeholder="Password"
                  type="password"
                  value=""
                />
              </div>
            </div>
            <div
              class="MuiCardActions-root MuiCardActions-spacing"
            >
              <button
                class="MuiButtonBase-root MuiButton-root MuiButton-contained makeStyles-btnSuccess-4 MuiButton-containedPrimary"
                tabindex="0"
                type="submit"
              >
                <span
                  class="MuiButton-label"
                >
                  Submit
                </span>
                <span
                  class="MuiTouchRipple-root"
                />
              </button>
            </div>
          </form>
        </div>
      </div>
    </div>
  </body>,
  "container": <div>
    <div
      class="MuiPaper-root MuiCard-root makeStyles-card-1 MuiPaper-elevation1 MuiPaper-rounded"
    >
      <div
        class="MuiCardContent-root"
      >
        <p
          class="MuiTypography-root makeStyles-titleText-3 MuiTypography-body1"
        >
          Sign In
        </p>
        <form
          class="makeStyles-form-2"
        >
          <div
            class="MuiFormControl-root MuiTextField-root MuiFormControl-marginNormal"
          >
            <label
              class="MuiFormLabel-root MuiInputLabel-root MuiInputLabel-formControl MuiInputLabel-animated"
              data-shrink="false"
              for="email"
              id="email-label"
            >
              Email
            </label>
            <div
              class="MuiInputBase-root MuiInput-root MuiInput-underline MuiInputBase-formControl MuiInput-formControl"
            >
              <input
                aria-invalid="false"
                class="MuiInputBase-input MuiInput-input"
                id="email"
                placeholder="Email"
                type="email"
                value=""
              />
            </div>
          </div>
          <div
            class="MuiFormControl-root MuiTextField-root MuiFormControl-marginNormal"
          >
            <label
              class="MuiFormLabel-root MuiInputLabel-root MuiInputLabel-formControl MuiInputLabel-animated"
              data-shrink="false"
              for="password"
              id="password-label"
            >
              Password
            </label>
            <div
              class="MuiInputBase-root MuiInput-root MuiInput-underline MuiInputBase-formControl MuiInput-formControl"
            >
              <input
                aria-invalid="false"
                class="MuiInputBase-input MuiInput-input"
                id="password"
                placeholder="Password"
                type="password"
                value=""
              />
            </div>
          </div>
          <div
            class="MuiCardActions-root MuiCardActions-spacing"
          >
            <button
              class="MuiButtonBase-root MuiButton-root MuiButton-contained makeStyles-btnSuccess-4 MuiButton-containedPrimary"
              tabindex="0"
              type="submit"
            >
              <span
                class="MuiButton-label"
              >
                Submit
              </span>
              <span
                class="MuiTouchRipple-root"
              />
            </button>
          </div>
        </form>
      </div>
    </div>
  </div>,
  "debug": [Function],
  "findAllByAltText": [Function],
  "findAllByDisplayValue": [Function],
  "findAllByLabelText": [Function],
  "findAllByPlaceholderText": [Function],
  "findAllByRole": [Function],
  "findAllByTestId": [Function],
  "findAllByText": [Function],
  "findAllByTitle": [Function],
  "findByAltText": [Function],
  "findByDisplayValue": [Function],
  "findByLabelText": [Function],
  "findByPlaceholderText": [Function],
  "findByRole": [Function],
  "findByTestId": [Function],
  "findByText": [Function],
  "findByTitle": [Function],
  "getAllByAltText": [Function],
  "getAllByDisplayValue": [Function],
  "getAllByLabelText": [Function],
  "getAllByPlaceholderText": [Function],
  "getAllByRole": [Function],
  "getAllByTestId": [Function],
  "getAllByText": [Function],
  "getAllByTitle": [Function],
  "getByAltText": [Function],
  "getByDisplayValue": [Function],
  "getByLabelText": [Function],
  "getByPlaceholderText": [Function],
  "getByRole": [Function],
  "getByTestId": [Function],
  "getByText": [Function],
  "getByTitle": [Function],
  "queryAllByAltText": [Function],
  "queryAllByDisplayValue": [Function],
  "queryAllByLabelText": [Function],
  "queryAllByPlaceholderText": [Function],
  "queryAllByRole": [Function],
  "queryAllByTestId": [Function],
  "queryAllByText": [Function],
  "queryAllByTitle": [Function],
  "queryByAltText": [Function],
  "queryByDisplayValue": [Function],
  "queryByLabelText": [Function],
  "queryByPlaceholderText": [Function],
  "queryByRole": [Function],
  "queryByTestId": [Function],
  "queryByText": [Function],
  "queryByTitle": [Function],
  "rerender": [Function],
  "unmount": [Function],
}
`;
